/nfs/home/jnumbers/.conda/envs/super_salt_env/lib/python3.14/site-packages/e3nn/o3/_wigner.py:10: UserWarning: Environment variable TORCH_FORCE_NO_WEIGHTS_ONLY_LOAD detected, since the`weights_only` argument was not explicitly passed to `torch.load`, forcing weights_only=False.
  _Jd, _W3j_flat, _W3j_indices = torch.load(os.path.join(os.path.dirname(__file__), 'constants.pt'))
/nfs/home/jnumbers/.conda/envs/super_salt_env/lib/python3.14/site-packages/mace/calculators/mace.py:199: UserWarning: Environment variable TORCH_FORCE_NO_WEIGHTS_ONLY_LOAD detected, since the`weights_only` argument was not explicitly passed to `torch.load`, forcing weights_only=False.
  torch.load(f=model_path, map_location=device)
WARNING:root:No dtype selected, switching to float32 to match model dtype.
cuequivariance or cuequivariance_torch is not available. Cuequivariance acceleration will be disabled.
# =========================================================
# INITIALIZING 05NaCl-05KCl BULK MODULUS (Kt)
# =========================================================
Target Temp: 1130.0 K | Density: 1.4928579855000002 g/cm^3
Structure Base: Rocksalt | Total Atoms: 216

--- PHASE 0: GEOMETRY OPTIMIZATION ---
      Step     Time          Energy          fmax
FIRE:    0 08:59:08     -739.855286        0.881818

--- PHASE 1: 2500K MELT (Langevin NVT) ---
/lustre/isaac24/scratch/jnumbers/Molten_Salt_Sims/Pipeline/run_kt_pipeline.py:184: DeprecationWarning: Use thermalize_momenta
  MaxwellBoltzmannDistribution(atoms, temperature_K=MELT_TEMP, rng=rng)
/nfs/home/jnumbers/.conda/envs/super_salt_env/lib/python3.14/site-packages/ase/md/langevin.py:102: FutureWarning: The implementation of `fixcm=True` in `Langevin` does not strictly sample the correct NVT distributions. The deviations are typically small for large systems but can be more pronounced for small systems. Use `fixcm=False` together with `ase.constraints.FixCom`. `fixcm` is deprecated since ASE 3.28.0 and will be removed in a future release.
  warnings.warn(msg, FutureWarning)

--- PHASE 2: COOLING TO TARGET TEMP (1130.0 K) ---
/lustre/isaac24/scratch/jnumbers/Molten_Salt_Sims/Pipeline/run_kt_pipeline.py:208: FutureWarning: NPT thermostat has been moved/renamed to ase.md.melchionna.MelchionnaNPT. Please use this class instead (or a newer NPT thermostat!)
  dyn_npt = NPT(atoms, timestep=1.0 * units.fs, temperature_K=TARGET_TEMP, externalstress=pressures_bar[0] * units.bar,

--- PRESSURE SWEEP: 1.01325 bar ---
/lustre/isaac24/scratch/jnumbers/Molten_Salt_Sims/Pipeline/run_kt_pipeline.py:215: FutureWarning: NPT thermostat has been moved/renamed to ase.md.melchionna.MelchionnaNPT. Please use this class instead (or a newer NPT thermostat!)
  dyn_npt = NPT(atoms, timestep=1.0 * units.fs, temperature_K=TARGET_TEMP, externalstress=P * units.bar,
System already equilibrated to 1.01325 bar during cooling phase. Skipping equilibration...
Production at 1.01325 bar for 50 ps...

--- PRESSURE SWEEP: 1000.0 bar ---
Equilibrating at 1000.0 bar for 20 ps...
Production at 1000.0 bar for 50 ps...

--- PRESSURE SWEEP: 2000.0 bar ---
Equilibrating at 2000.0 bar for 20 ps...
Production at 2000.0 bar for 50 ps...

--- PRESSURE SWEEP: 3000.0 bar ---
Equilibrating at 3000.0 bar for 20 ps...
Production at 3000.0 bar for 50 ps...

MD Pressure Sweep Complete! Starting Analysis...

--- RESULTS ---
Isothermal Bulk Modulus (K_T) at 1130.0 K: 5.018 GPa
Result saved to Kt_0.5NaCl-0.5KCl_1130K.txt
Job perfectly finished!
