Anaconda3 version 2021.05
/nfs/home/jnumbers/.conda/envs/super_salt_env/lib/python3.14/site-packages/e3nn/o3/_wigner.py:10: UserWarning: Environment variable TORCH_FORCE_NO_WEIGHTS_ONLY_LOAD detected, since the`weights_only` argument was not explicitly passed to `torch.load`, forcing weights_only=False.
  _Jd, _W3j_flat, _W3j_indices = torch.load(os.path.join(os.path.dirname(__file__), 'constants.pt'))
/nfs/home/jnumbers/.conda/envs/super_salt_env/lib/python3.14/site-packages/mace/calculators/mace.py:199: UserWarning: Environment variable TORCH_FORCE_NO_WEIGHTS_ONLY_LOAD detected, since the`weights_only` argument was not explicitly passed to `torch.load`, forcing weights_only=False.
  torch.load(f=model_path, map_location=device)
WARNING:root:No dtype selected, switching to float32 to match model dtype.
cuequivariance or cuequivariance_torch is not available. Cuequivariance acceleration will be disabled.
# =========================================================
# INITIALIZING 021NaCl-041KCl-038MgCl2 Vs ARRAY (SEED 43)
# =========================================================
Target Temp: 680.0 K | Density: 1.7804454667062002 g/cm^3
Structure Base: Fluorite | Total Atoms: 257

--- PHASE 0: GEOMETRY OPTIMIZATION ---
      Step     Time          Energy          fmax
FIRE:    0 19:46:21     -765.517151        3.339587
FIRE:    1 19:46:21     -770.455750        3.032216
FIRE:    2 19:46:31     -775.236450        2.854076
FIRE:    3 19:46:32     -779.875854        2.823856
FIRE:    4 19:46:33     -784.384338        2.790787
FIRE:    5 19:46:33     -788.770142        2.754500
FIRE:    6 19:46:33     -793.037598        2.714604
FIRE:    7 19:46:33     -797.190430        2.670698
FIRE:    8 19:46:33     -801.229065        2.622386
FIRE:    9 19:46:33     -805.154785        2.569260
FIRE:   10 19:46:33     -808.966431        2.510929
FIRE:   11 19:46:33     -812.661255        2.447022
FIRE:   12 19:46:33     -816.238220        2.377201
FIRE:   13 19:46:33     -819.694214        2.301152
FIRE:   14 19:46:33     -823.025879        2.218577
FIRE:   15 19:46:34     -826.230896        2.129207
FIRE:   16 19:46:34     -829.307129        2.032799
FIRE:   17 19:46:34     -832.253296        1.949886
FIRE:   18 19:46:34     -835.069275        1.873807
FIRE:   19 19:46:34     -837.754517        1.809567
FIRE:   20 19:46:34     -840.312561        1.753547
FIRE:   21 19:46:34     -842.747986        1.700753
FIRE:   22 19:46:34     -845.066101        1.661661
FIRE:   23 19:46:34     -847.274780        1.614399
FIRE:   24 19:46:34     -849.381470        1.556746
FIRE:   25 19:46:34     -851.394531        1.486059
FIRE:   26 19:46:34     -853.319641        1.423352
FIRE:   27 19:46:34     -855.161987        1.362169
FIRE:   28 19:46:34     -856.924927        1.297336
FIRE:   29 19:46:34     -858.609863        1.324522
FIRE:   30 19:46:34     -860.218384        1.358979
FIRE:   31 19:46:34     -861.751831        1.387427
FIRE:   32 19:46:34     -863.212769        1.407160
FIRE:   33 19:46:34     -864.604919        1.414948
FIRE:   34 19:46:34     -865.933655        1.407052
FIRE:   35 19:46:34     -867.205750        1.413444
FIRE:   36 19:46:34     -868.430542        1.464182
FIRE:   37 19:46:34     -869.614929        1.507568
FIRE:   38 19:46:34     -870.764771        1.537492
FIRE:   39 19:46:34     -871.882324        1.545909
FIRE:   40 19:46:34     -872.967163        1.522438
FIRE:   41 19:46:34     -874.016296        1.453880
FIRE:   42 19:46:34     -875.026306        1.323807
FIRE:   43 19:46:34     -875.989807        1.112975
FIRE:   44 19:46:34     -876.902405        0.830363

--- PHASE 1: 2500K MELT (Langevin NVT) ---
/lustre/isaac24/scratch/jnumbers/Molten_Salt_Sims/Pipeline/run_vs_pipeline.py:233: DeprecationWarning: Use thermalize_momenta
  MaxwellBoltzmannDistribution(atoms, temperature_K=MELT_TEMP, rng=rng)
/nfs/home/jnumbers/.conda/envs/super_salt_env/lib/python3.14/site-packages/ase/md/langevin.py:102: FutureWarning: The implementation of `fixcm=True` in `Langevin` does not strictly sample the correct NVT distributions. The deviations are typically small for large systems but can be more pronounced for small systems. Use `fixcm=False` together with `ase.constraints.FixCom`. `fixcm` is deprecated since ASE 3.28.0 and will be removed in a future release.
  warnings.warn(msg, FutureWarning)

--- PHASE 2: 680.0K EQUILIBRATION (Bussi CSVR) ---
/lustre/isaac24/scratch/jnumbers/Molten_Salt_Sims/Pipeline/run_vs_pipeline.py:251: DeprecationWarning: Use thermalize_momenta
  MaxwellBoltzmannDistribution(atoms, temperature_K=TARGET_TEMP, rng=rng)

--- PHASE 3a: 680.0K NVE BURN-IN (80 ps) ---

--- PHASE 3b: 680.0K NVE PRODUCTION (70 ps) ---
NVE Production complete.

--- PHASE 4: SPEED OF SOUND CALCULATION ---
Adiabatic Speed of Sound (c_s): 1755.65 m/s
Result saved to Vs_0.21NaCl-0.41KCl-0.38MgCl2_seed_43_680K.txt

--- PHASE 5: VDOS CALCULATION AND MODE OVERLAP ---
Extracting VDOS for Na...
Extracting VDOS for K...
Extracting VDOS for Mg...
VDOS curves saved to VDOS_0.21NaCl-0.41KCl-0.38MgCl2_680K.csv
VDOS Mode Matching (Na and K): 74.86%
VDOS Mode Matching (Na and Mg): 48.99%
VDOS Mode Matching (K and Mg): 39.08%
Phonon Transfer Factor (b_PH) saved to b_PH_0.21NaCl-0.41KCl-0.38MgCl2_seed_43_680K.txt
