/nfs/home/jnumbers/.conda/envs/super_salt_env/lib/python3.14/site-packages/e3nn/o3/_wigner.py:10: UserWarning: Environment variable TORCH_FORCE_NO_WEIGHTS_ONLY_LOAD detected, since the`weights_only` argument was not explicitly passed to `torch.load`, forcing weights_only=False.
  _Jd, _W3j_flat, _W3j_indices = torch.load(os.path.join(os.path.dirname(__file__), 'constants.pt'))
/nfs/home/jnumbers/.conda/envs/super_salt_env/lib/python3.14/site-packages/mace/calculators/mace.py:199: UserWarning: Environment variable TORCH_FORCE_NO_WEIGHTS_ONLY_LOAD detected, since the`weights_only` argument was not explicitly passed to `torch.load`, forcing weights_only=False.
  torch.load(f=model_path, map_location=device)
WARNING:root:No dtype selected, switching to float32 to match model dtype.
cuequivariance or cuequivariance_torch is not available. Cuequivariance acceleration will be disabled.
# =========================================================
# SYSTEM PARAMETERS
# =========================================================
ANCHOR_TEMP_K = 903.0
SYSTEM_NAME = '068KCl-032MgCl2'

# Atom Counts
n_k = 73
n_mg = 35
n_cl = 143
total_atoms = 251
Structure Base = Fluorite

--- PHASE 0: GEOMETRY OPTIMIZATION ---
      Step     Time          Energy          fmax
FIRE:    0 14:13:36     -738.172058        3.594470
FIRE:    1 14:13:36     -742.690308        3.618963
FIRE:    2 14:13:42     -747.121460        3.628982
FIRE:    3 14:13:43     -751.468201        3.623463
FIRE:    4 14:13:44     -755.734375        3.601471
FIRE:    5 14:13:44     -759.920959        3.562257
FIRE:    6 14:13:44     -764.027100        3.505311
FIRE:    7 14:13:44     -768.052979        3.430447
FIRE:    8 14:13:44     -771.995483        3.337883
FIRE:    9 14:13:44     -775.853638        3.228297
FIRE:   10 14:13:44     -779.623840        3.102911
FIRE:   11 14:13:44     -783.302673        2.963601
FIRE:   12 14:13:44     -786.887146        2.890651
FIRE:   13 14:13:44     -790.373779        2.929323
FIRE:   14 14:13:44     -793.758545        2.960690
FIRE:   15 14:13:44     -797.038940        2.982993
FIRE:   16 14:13:44     -800.212646        2.993781
FIRE:   17 14:13:44     -803.278015        2.989888
FIRE:   18 14:13:44     -806.234985        2.967503
FIRE:   19 14:13:44     -809.083679        2.922268
FIRE:   20 14:13:44     -811.826965        2.849596
FIRE:   21 14:13:44     -814.466553        2.745068
FIRE:   22 14:13:44     -817.007568        2.605311
FIRE:   23 14:13:44     -819.453735        2.429436
FIRE:   24 14:13:44     -821.808716        2.221231
FIRE:   25 14:13:44     -824.075745        1.992083
FIRE:   26 14:13:44     -826.256226        1.947623
FIRE:   27 14:13:44     -828.351562        1.903138
FIRE:   28 14:13:44     -830.362854        1.847351
FIRE:   29 14:13:44     -832.292114        1.838005
FIRE:   30 14:13:44     -834.140686        1.842725
FIRE:   31 14:13:44     -835.911804        1.844015
FIRE:   32 14:13:44     -837.605103        1.841189
FIRE:   33 14:13:44     -839.219482        1.832629
FIRE:   34 14:13:45     -840.757202        1.815338
FIRE:   35 14:13:45     -842.219177        1.784460
FIRE:   36 14:13:45     -843.608276        1.733014
FIRE:   37 14:13:45     -844.929260        1.762761
FIRE:   38 14:13:45     -846.187012        1.834799
FIRE:   39 14:13:45     -847.386475        1.887912
FIRE:   40 14:13:45     -848.529358        1.911009
FIRE:   41 14:13:45     -849.616577        1.888809
FIRE:   42 14:13:45     -850.648865        1.800162
FIRE:   43 14:13:45     -851.625122        1.615814
FIRE:   44 14:13:45     -852.544861        1.307764
FIRE:   45 14:13:45     -853.406494        1.625524
FIRE:   46 14:13:45     -854.207031        1.822814
FIRE:   47 14:13:45     -854.946838        1.861791
FIRE:   48 14:13:45     -855.632446        2.017312
FIRE:   49 14:13:45     -856.286133        2.748175
FIRE:   50 14:13:45     -856.937256        3.202339
FIRE:   51 14:13:45     -857.601013        3.264326
FIRE:   52 14:13:45     -858.265991        2.858679
FIRE:   53 14:13:45     -858.901428        2.153188
FIRE:   54 14:13:45     -859.487000        2.087368
FIRE:   55 14:13:45     -860.031311        2.404417
FIRE:   56 14:13:45     -860.559326        2.413269
FIRE:   57 14:13:45     -861.086792        2.223106
FIRE:   58 14:13:45     -861.610474        1.876976
FIRE:   59 14:13:45     -862.117188        1.326702
FIRE:   60 14:13:45     -862.597107        0.871417

--- PHASE 1: 2500K MELT ---
/lustre/isaac24/scratch/jnumbers/Molten_Salt_Sims/Pipeline/run_cp_pipeline.py:176: DeprecationWarning: Use thermalize_momenta
  MaxwellBoltzmannDistribution(atoms, temperature_K=2500)
/nfs/home/jnumbers/.conda/envs/super_salt_env/lib/python3.14/site-packages/ase/md/langevin.py:102: FutureWarning: The implementation of `fixcm=True` in `Langevin` does not strictly sample the correct NVT distributions. The deviations are typically small for large systems but can be more pronounced for small systems. Use `fixcm=False` together with `ase.constraints.FixCom`. `fixcm` is deprecated since ASE 3.28.0 and will be removed in a future release.
  warnings.warn(msg, FutureWarning)
Restoring true Lithium mass (6.94 amu) for valid dynamic calculation...
/lustre/isaac24/scratch/jnumbers/Molten_Salt_Sims/Pipeline/run_cp_pipeline.py:216: FutureWarning: NPT thermostat has been moved/renamed to ase.md.melchionna.MelchionnaNPT. Please use this class instead (or a newer NPT thermostat!)
  dyn_npt = NPT(atoms, timestep=1.0 * units.fs, temperature_K=temperatures[0], externalstress=p_ext,

--- SWEEP: 1403.0K ---
Equilibrating at 1403.0K for 20 ps...
Production at 1403.0K for 50 ps...

--- SWEEP: 1303.0K ---
Equilibrating at 1303.0K for 20 ps...
Production at 1303.0K for 50 ps...

--- SWEEP: 1203.0K ---
Equilibrating at 1203.0K for 20 ps...
Production at 1203.0K for 50 ps...

--- SWEEP: 1103.0K ---
Equilibrating at 1103.0K for 20 ps...
Production at 1103.0K for 50 ps...

--- SWEEP: 1003.0K ---
Equilibrating at 1003.0K for 20 ps...
Production at 1003.0K for 50 ps...

--- SWEEP: 903.0K ---
Equilibrating at 903.0K for 20 ps...
Production at 903.0K for 50 ps...

MD Sweep Complete! Starting Analysis...

Plots saved to '068KCl-032MgCl2_Heat_Capacity_Results.png'.

# =========================================================
# FINAL THERMODYNAMIC PROPERTIES
# =========================================================
Target Anchor Temperature (Tm): 903.0 K
Volumetric Cp at 903.0 K: 1.68e+06 J/(m^3*K)
Volumetric Thermal Expansion (α) at 903.0 K: 2.81029e-04 K^-1
Pipeline data successfully saved to cp_0.68KCl-0.32MgCl2_903K.txt
Job perfectly finished!
