/nfs/home/jnumbers/.conda/envs/super_salt_env/lib/python3.14/site-packages/e3nn/o3/_wigner.py:10: UserWarning: Environment variable TORCH_FORCE_NO_WEIGHTS_ONLY_LOAD detected, since the`weights_only` argument was not explicitly passed to `torch.load`, forcing weights_only=False.
  _Jd, _W3j_flat, _W3j_indices = torch.load(os.path.join(os.path.dirname(__file__), 'constants.pt'))
/nfs/home/jnumbers/.conda/envs/super_salt_env/lib/python3.14/site-packages/mace/calculators/mace.py:199: UserWarning: Environment variable TORCH_FORCE_NO_WEIGHTS_ONLY_LOAD detected, since the`weights_only` argument was not explicitly passed to `torch.load`, forcing weights_only=False.
  torch.load(f=model_path, map_location=device)
WARNING:root:No dtype selected, switching to float32 to match model dtype.
cuequivariance or cuequivariance_torch is not available. Cuequivariance acceleration will be disabled.
# =========================================================
# INITIALIZING 056NaCl-044MgCl2 BULK MODULUS (Kt)
# =========================================================
Target Temp: 750.0 K | Density: 1.7790033280000002 g/cm^3
Structure Base: Fluorite | Total Atoms: 264

--- PHASE 0: GEOMETRY OPTIMIZATION ---
      Step     Time          Energy          fmax
FIRE:    0 02:07:36     -810.854919        2.889727
FIRE:    1 02:07:37     -815.293396        2.901717
FIRE:    2 02:07:50     -819.655396        2.894615
FIRE:    3 02:07:50     -823.936462        2.866779
FIRE:    4 02:07:51     -828.129089        2.816730
FIRE:    5 02:07:51     -832.227722        2.743219
FIRE:    6 02:07:51     -836.224976        2.708786
FIRE:    7 02:07:52     -840.114441        2.685079
FIRE:    8 02:07:52     -843.888794        2.653172
FIRE:    9 02:07:52     -847.542847        2.612816
FIRE:   10 02:07:52     -851.070435        2.563676
FIRE:   11 02:07:52     -854.467590        2.505425
FIRE:   12 02:07:52     -857.729736        2.437799
FIRE:   13 02:07:52     -860.854736        2.360707
FIRE:   14 02:07:52     -863.841797        2.274208
FIRE:   15 02:07:52     -866.690125        2.178468
FIRE:   16 02:07:52     -869.401123        2.073621
FIRE:   17 02:07:52     -871.976990        1.959602
FIRE:   18 02:07:52     -874.420044        1.935749
FIRE:   19 02:07:52     -876.734497        1.908618
FIRE:   20 02:07:52     -878.924927        1.866352
FIRE:   21 02:07:52     -880.995850        1.808568
FIRE:   22 02:07:52     -882.954102        1.737482
FIRE:   23 02:07:52     -884.806763        1.656703
FIRE:   24 02:07:52     -886.562805        1.569680
FIRE:   25 02:07:53     -888.231262        1.478330
FIRE:   26 02:07:53     -889.821655        1.382309
FIRE:   27 02:07:53     -891.343689        1.279399
FIRE:   28 02:07:53     -892.804199        1.249235
FIRE:   29 02:07:53     -894.209595        1.295673
FIRE:   30 02:07:53     -895.563110        1.348919
FIRE:   31 02:07:53     -896.867676        1.407948
FIRE:   32 02:07:53     -898.122986        1.470822
FIRE:   33 02:07:53     -899.330017        1.534490
FIRE:   34 02:07:53     -900.489258        1.594416
FIRE:   35 02:07:53     -901.603149        1.644057
FIRE:   36 02:07:53     -902.673828        1.674329
FIRE:   37 02:07:53     -903.703003        1.672973
FIRE:   38 02:07:53     -904.693115        1.623746
FIRE:   39 02:07:53     -905.643066        1.505393
FIRE:   40 02:07:53     -906.549255        1.291397
FIRE:   41 02:07:53     -907.406494        0.953170

--- PHASE 1: 2500K MELT (Langevin NVT) ---
/lustre/isaac24/scratch/jnumbers/Molten_Salt_Sims/Pipeline/run_kt_pipeline.py:184: DeprecationWarning: Use thermalize_momenta
  MaxwellBoltzmannDistribution(atoms, temperature_K=MELT_TEMP, rng=rng)
/nfs/home/jnumbers/.conda/envs/super_salt_env/lib/python3.14/site-packages/ase/md/langevin.py:102: FutureWarning: The implementation of `fixcm=True` in `Langevin` does not strictly sample the correct NVT distributions. The deviations are typically small for large systems but can be more pronounced for small systems. Use `fixcm=False` together with `ase.constraints.FixCom`. `fixcm` is deprecated since ASE 3.28.0 and will be removed in a future release.
  warnings.warn(msg, FutureWarning)

--- PHASE 2: COOLING TO TARGET TEMP (750.0 K) ---
/lustre/isaac24/scratch/jnumbers/Molten_Salt_Sims/Pipeline/run_kt_pipeline.py:208: FutureWarning: NPT thermostat has been moved/renamed to ase.md.melchionna.MelchionnaNPT. Please use this class instead (or a newer NPT thermostat!)
  dyn_npt = NPT(atoms, timestep=1.0 * units.fs, temperature_K=TARGET_TEMP, externalstress=pressures_bar[0] * units.bar,

--- PRESSURE SWEEP: 1.01325 bar ---
/lustre/isaac24/scratch/jnumbers/Molten_Salt_Sims/Pipeline/run_kt_pipeline.py:215: FutureWarning: NPT thermostat has been moved/renamed to ase.md.melchionna.MelchionnaNPT. Please use this class instead (or a newer NPT thermostat!)
  dyn_npt = NPT(atoms, timestep=1.0 * units.fs, temperature_K=TARGET_TEMP, externalstress=P * units.bar,
System already equilibrated to 1.01325 bar during cooling phase. Skipping equilibration...
Production at 1.01325 bar for 50 ps...

--- PRESSURE SWEEP: 1000.0 bar ---
Equilibrating at 1000.0 bar for 20 ps...
Production at 1000.0 bar for 50 ps...

--- PRESSURE SWEEP: 2000.0 bar ---
Equilibrating at 2000.0 bar for 20 ps...
Production at 2000.0 bar for 50 ps...

--- PRESSURE SWEEP: 3000.0 bar ---
Equilibrating at 3000.0 bar for 20 ps...
[2026-08-05T05:02:23.008] error: *** JOB 6077010 ON clrt1151 CANCELLED AT 2026-08-05T05:02:23 DUE TO TIME LIMIT ***
