/nfs/home/jnumbers/.conda/envs/super_salt_env/lib/python3.14/site-packages/e3nn/o3/_wigner.py:10: UserWarning: Environment variable TORCH_FORCE_NO_WEIGHTS_ONLY_LOAD detected, since the`weights_only` argument was not explicitly passed to `torch.load`, forcing weights_only=False.
  _Jd, _W3j_flat, _W3j_indices = torch.load(os.path.join(os.path.dirname(__file__), 'constants.pt'))
/nfs/home/jnumbers/.conda/envs/super_salt_env/lib/python3.14/site-packages/mace/calculators/mace.py:199: UserWarning: Environment variable TORCH_FORCE_NO_WEIGHTS_ONLY_LOAD detected, since the`weights_only` argument was not explicitly passed to `torch.load`, forcing weights_only=False.
  torch.load(f=model_path, map_location=device)
WARNING:root:No dtype selected, switching to float32 to match model dtype.
cuequivariance or cuequivariance_torch is not available. Cuequivariance acceleration will be disabled.
# =========================================================
# SYSTEM PARAMETERS
# =========================================================
TEMP_K = 903.0
SYSTEM_NAME = '0.68KCl-0.32MgCl2'
TRAJ_FILE = '0.68KCl-0.32MgCl2_903.0K.extxyz'

# Atom Counts
n_k = 73
n_mg = 35
n_cl = 143
total_atoms = 251
Structure Base = Fluorite

# =========================================================
# PHASE 0-3: MACE MD SIMULATION
# =========================================================
# Assign Cations
# Assign 143 Cl and create vacancies
# Scale to initial density (1.6332583024000003 g/cm3)

--- PHASE 0: GEOMETRY OPTIMIZATION ---
      Step     Time          Energy          fmax
FIRE:    0 14:13:36     -748.168457        3.735122
FIRE:    1 14:13:36     -752.348694        3.761739
FIRE:    2 14:13:42     -756.492615        3.772924
FIRE:    3 14:13:42     -760.596558        3.768086
FIRE:    4 14:13:42     -764.656311        3.746757
FIRE:    5 14:13:42     -768.666565        3.708575
FIRE:    6 14:13:42     -772.623413        3.653306
FIRE:    7 14:13:42     -776.520874        3.580852
FIRE:    8 14:13:42     -780.352966        3.491318
FIRE:    9 14:13:42     -784.113464        3.384981
FIRE:   10 14:13:43     -787.795166        3.262325
FIRE:   11 14:13:44     -791.390259        3.124090
FIRE:   12 14:13:44     -794.890991        2.971329
FIRE:   13 14:13:44     -798.287781        2.805535
FIRE:   14 14:13:44     -801.573181        2.732757
FIRE:   15 14:13:44     -804.738220        2.640610
FIRE:   16 14:13:44     -807.774963        2.521259
FIRE:   17 14:13:44     -810.677734        2.375891
FIRE:   18 14:13:44     -813.443176        2.209181
FIRE:   19 14:13:44     -816.070740        2.051352
FIRE:   20 14:13:44     -818.564392        2.019575
FIRE:   21 14:13:44     -820.931335        2.021499
FIRE:   22 14:13:44     -823.182983        2.020840
FIRE:   23 14:13:44     -825.333496        2.010454
FIRE:   24 14:13:44     -827.395020        1.988848
FIRE:   25 14:13:44     -829.379211        1.954661
FIRE:   26 14:13:44     -831.291809        1.906718
FIRE:   27 14:13:44     -833.135681        1.844103
FIRE:   28 14:13:45     -834.908813        1.766160
FIRE:   29 14:13:45     -836.609619        1.672518
FIRE:   30 14:13:45     -838.233826        1.563186
FIRE:   31 14:13:45     -839.781738        1.445377
FIRE:   32 14:13:45     -841.251587        1.528401
FIRE:   33 14:13:45     -842.646606        1.614706
FIRE:   34 14:13:45     -843.971619        1.703399
FIRE:   35 14:13:45     -845.232605        1.792338
FIRE:   36 14:13:45     -846.436829        1.877113
FIRE:   37 14:13:45     -847.593079        1.949571
FIRE:   38 14:13:45     -848.706970        1.996498
FIRE:   39 14:13:45     -849.784912        1.999317
FIRE:   40 14:13:45     -850.827881        1.934088
FIRE:   41 14:13:45     -851.833801        1.769602
FIRE:   42 14:13:45     -852.795776        1.466101
FIRE:   43 14:13:45     -853.700012        1.075559
FIRE:   44 14:13:45     -854.532654        1.051361
FIRE:   45 14:13:45     -855.286011        1.591449
FIRE:   46 14:13:45     -855.967896        2.391430
FIRE:   47 14:13:45     -856.606750        2.949260
FIRE:   48 14:13:45     -857.234924        3.020560
FIRE:   49 14:13:45     -857.863281        2.735290
FIRE:   50 14:13:45     -858.471619        2.292720
FIRE:   51 14:13:45     -859.031250        1.888397
FIRE:   52 14:13:45     -859.539490        2.638621
FIRE:   53 14:13:45     -860.029663        3.078841
FIRE:   54 14:13:45     -860.540283        3.049962
FIRE:   55 14:13:45     -861.079102        2.573344
FIRE:   56 14:13:45     -861.623535        1.868897
FIRE:   57 14:13:45     -862.141296        1.009066
FIRE:   58 14:13:46     -862.617859        0.798240
FIRE:   59 14:13:46     -863.055420        0.818630
FIRE:   60 14:13:46     -863.467834        0.925708
FIRE:   61 14:13:46     -863.867493        1.185244
FIRE:   62 14:13:46     -864.260010        1.279418
FIRE:   63 14:13:46     -864.648743        1.303390
FIRE:   64 14:13:46     -865.033936        1.326680
FIRE:   65 14:13:46     -865.415039        1.298501
FIRE:   66 14:13:46     -865.793396        1.220897
FIRE:   67 14:13:46     -866.168823        1.092131
FIRE:   68 14:13:46     -866.541870        0.946840
FIRE:   69 14:13:46     -866.911255        1.004392
FIRE:   70 14:13:46     -867.276794        1.007534
FIRE:   71 14:13:46     -867.635925        0.949675
FIRE:   72 14:13:46     -867.988403        0.936218
FIRE:   73 14:13:46     -868.332703        1.008230
FIRE:   74 14:13:46     -868.668701        0.924034
FIRE:   75 14:13:46     -868.992126        0.765670
FIRE:   76 14:13:46     -869.302063        0.747776
FIRE:   77 14:13:46     -869.598389        0.948984
FIRE:   78 14:13:46     -869.888855        1.307494
FIRE:   79 14:13:46     -870.184265        1.488603
FIRE:   80 14:13:46     -870.493896        1.443447
FIRE:   81 14:13:46     -870.815308        1.189167
FIRE:   82 14:13:46     -871.139526        0.798952
FIRE:   83 14:13:46     -871.456970        0.452753

--- PHASE 1: 2500K MELT ---
/lustre/isaac24/scratch/jnumbers/Molten_Salt_Sims/Pipeline/run_scl_pipeline.py:194: DeprecationWarning: Use thermalize_momenta
  MaxwellBoltzmannDistribution(atoms, temperature_K=2500)
/nfs/home/jnumbers/.conda/envs/super_salt_env/lib/python3.14/site-packages/ase/md/langevin.py:102: FutureWarning: The implementation of `fixcm=True` in `Langevin` does not strictly sample the correct NVT distributions. The deviations are typically small for large systems but can be more pronounced for small systems. Use `fixcm=False` together with `ase.constraints.FixCom`. `fixcm` is deprecated since ASE 3.28.0 and will be removed in a future release.
  warnings.warn(msg, FutureWarning)
Restoring true Lithium mass (6.94 amu) for valid dynamic calculation...

--- PHASE 2: 903.0K NPT EQUILIBRATION ---
/lustre/isaac24/scratch/jnumbers/Molten_Salt_Sims/Pipeline/run_scl_pipeline.py:209: FutureWarning: NPT thermostat has been moved/renamed to ase.md.melchionna.MelchionnaNPT. Please use this class instead (or a newer NPT thermostat!)
  dyn_npt = NPT(atoms, timestep=1.0 * units.fs, temperature_K=TEMP_K, externalstress=p_ext,

--- PHASE 3: 903.0K NVT PRODUCTION FOR RDF (Box Size: 20.84 Å) ---

MD Complete! Starting SCL Analysis via MDAnalysis...
Reading 0.68KCl-0.32MgCl2_903.0K.extxyz into memory...
Calculating all pairwise RDFs...

--- SCL CALCULATION ---

Analyzing Pair: K-Cl
  Transfer Step (r_peak): 3.124 A
  First Minimum (Cutoff): 4.594 A
  Peak Height: 0.705 | Minimum Depth: 0.137
  Individual SCL: 3.446 A (Weight: 0.676)

Analyzing Pair: Mg-Cl
  Transfer Step (r_peak): 2.336 A
  First Minimum (Cutoff): 3.281 A
  Peak Height: 1.199 | Minimum Depth: 0.014
  Individual SCL: 2.354 A (Weight: 0.324)

Average SCL: 3.0920 A

--- PHASE 5.5: EXTRACTING CND & BAD ---
Analyzing local geometry over 200 frames...
Saved raw CND data to CND_0.68KCl-0.32MgCl2_903K.csv
Saved raw BAD data to BAD_0.68KCl-0.32MgCl2_903K.csv
Pipeline data successfully saved to scl_0.68KCl-0.32MgCl2_903K.txt
Plots saved to '0.68KCl-0.32MgCl2_903.0K_SCL_Results.png'.
