Anaconda3 version 2021.05
/nfs/home/jnumbers/.conda/envs/super_salt_env/lib/python3.14/site-packages/e3nn/o3/_wigner.py:10: UserWarning: Environment variable TORCH_FORCE_NO_WEIGHTS_ONLY_LOAD detected, since the`weights_only` argument was not explicitly passed to `torch.load`, forcing weights_only=False.
  _Jd, _W3j_flat, _W3j_indices = torch.load(os.path.join(os.path.dirname(__file__), 'constants.pt'))
/nfs/home/jnumbers/.conda/envs/super_salt_env/lib/python3.14/site-packages/mace/calculators/mace.py:199: UserWarning: Environment variable TORCH_FORCE_NO_WEIGHTS_ONLY_LOAD detected, since the`weights_only` argument was not explicitly passed to `torch.load`, forcing weights_only=False.
  torch.load(f=model_path, map_location=device)
WARNING:root:No dtype selected, switching to float32 to match model dtype.
cuequivariance or cuequivariance_torch is not available. Cuequivariance acceleration will be disabled.
# =========================================================
# INITIALIZING 043KCl-057MgCl2 Vs ARRAY (SEED 41)
# =========================================================
Target Temp: 750.0 K | Density: 1.7378694099999998 g/cm^3
Structure Base: Fluorite | Total Atoms: 278

--- PHASE 0: GEOMETRY OPTIMIZATION ---
      Step     Time          Energy          fmax
FIRE:    0 15:08:39     -825.775391        3.411654
FIRE:    1 15:08:40     -830.680298        3.212697
FIRE:    2 15:08:54     -835.488159        3.039879
FIRE:    3 15:08:55     -840.204468        3.034360
FIRE:    4 15:08:56     -844.831543        3.035723
FIRE:    5 15:08:56     -849.372559        3.025947
FIRE:    6 15:08:56     -853.828003        3.004726
FIRE:    7 15:08:56     -858.197510        2.971805
FIRE:    8 15:08:56     -862.480957        2.926955
FIRE:    9 15:08:56     -866.676270        2.869955
FIRE:   10 15:08:56     -870.781250        2.800620
FIRE:   11 15:08:56     -874.793213        2.718807
FIRE:   12 15:08:56     -878.708740        2.624454
FIRE:   13 15:08:56     -882.524292        2.517599
FIRE:   14 15:08:56     -886.237305        2.460105
FIRE:   15 15:08:57     -889.843628        2.428011
FIRE:   16 15:08:57     -893.341187        2.386816
FIRE:   17 15:08:57     -896.727417        2.336500
FIRE:   18 15:08:57     -900.001587        2.277100
FIRE:   19 15:08:57     -903.162231        2.208751
FIRE:   20 15:08:57     -906.210449        2.131690
FIRE:   21 15:08:57     -909.144165        2.046266
FIRE:   22 15:08:57     -911.965332        1.952946
FIRE:   23 15:08:57     -914.674805        1.873444
FIRE:   24 15:08:57     -917.272827        1.805491
FIRE:   25 15:08:57     -919.760620        1.759532
FIRE:   26 15:08:57     -922.139526        1.705745
FIRE:   27 15:08:57     -924.413086        1.645525
FIRE:   28 15:08:57     -926.585205        1.580371
FIRE:   29 15:08:57     -928.659912        1.535729
FIRE:   30 15:08:57     -930.645630        1.545520
FIRE:   31 15:08:57     -932.549561        1.541236
FIRE:   32 15:08:57     -934.378052        1.520742
FIRE:   33 15:08:57     -936.137451        1.482314
FIRE:   34 15:08:57     -937.831421        1.425006
FIRE:   35 15:08:57     -939.463623        1.349202
FIRE:   36 15:08:57     -941.035156        1.257512
FIRE:   37 15:08:57     -942.546387        1.178195
FIRE:   38 15:08:57     -943.997437        1.190504
FIRE:   39 15:08:57     -945.388916        1.202664
FIRE:   40 15:08:57     -946.721924        1.213866
FIRE:   41 15:08:58     -948.000000        1.223176
FIRE:   42 15:08:58     -949.226685        1.229549
FIRE:   43 15:08:58     -950.407471        1.231851
FIRE:   44 15:08:58     -951.547363        1.228843
FIRE:   45 15:08:58     -952.652344        1.219146
FIRE:   46 15:08:58     -953.724487        1.221888
FIRE:   47 15:08:58     -954.765137        1.190567
FIRE:   48 15:08:58     -955.773926        1.133021
FIRE:   49 15:08:58     -956.750977        1.104927
FIRE:   50 15:08:58     -957.692505        1.096607
FIRE:   51 15:08:58     -958.599609        1.073735
FIRE:   52 15:08:58     -959.469482        1.030281
FIRE:   53 15:08:58     -960.303589        0.960434

--- PHASE 1: 2500K MELT (Langevin NVT) ---
/lustre/isaac24/scratch/jnumbers/Molten_Salt_Sims/Pipeline/run_vs_pipeline.py:233: DeprecationWarning: Use thermalize_momenta
  MaxwellBoltzmannDistribution(atoms, temperature_K=MELT_TEMP, rng=rng)
/nfs/home/jnumbers/.conda/envs/super_salt_env/lib/python3.14/site-packages/ase/md/langevin.py:102: FutureWarning: The implementation of `fixcm=True` in `Langevin` does not strictly sample the correct NVT distributions. The deviations are typically small for large systems but can be more pronounced for small systems. Use `fixcm=False` together with `ase.constraints.FixCom`. `fixcm` is deprecated since ASE 3.28.0 and will be removed in a future release.
  warnings.warn(msg, FutureWarning)

--- PHASE 2: 750.0K EQUILIBRATION (Bussi CSVR) ---
/lustre/isaac24/scratch/jnumbers/Molten_Salt_Sims/Pipeline/run_vs_pipeline.py:251: DeprecationWarning: Use thermalize_momenta
  MaxwellBoltzmannDistribution(atoms, temperature_K=TARGET_TEMP, rng=rng)

--- PHASE 3a: 750.0K NVE BURN-IN (80 ps) ---

--- PHASE 3b: 750.0K NVE PRODUCTION (70 ps) ---
NVE Production complete.

--- PHASE 4: SPEED OF SOUND CALCULATION ---
Adiabatic Speed of Sound (c_s): 959.32 m/s
Result saved to Vs_0.43KCl-0.57MgCl2_seed_41_750K.txt

--- PHASE 5: VDOS CALCULATION AND MODE OVERLAP ---
Extracting VDOS for K...
Extracting VDOS for Mg...
VDOS curves saved to VDOS_0.43KCl-0.57MgCl2_750K.csv
VDOS Mode Matching (K and Mg): 40.56%
Phonon Transfer Factor (b_PH) saved to b_PH_0.43KCl-0.57MgCl2_seed_41_750K.txt
